exports[`BackgroundDimmer getLocals uses default props 1`] = `
Object {
  "centeredContentWrapperProps": Object {
    "className": "centered-content-wrapper",
    "column": true,
    "onClick": [Function anonymous],
    "style": Object {
      "height": undefined,
      "maxHeight": undefined,
      "maxWidth": undefined,
      "width": undefined
    }
  },
  "children": <div
    className="content">
    content
</div>,
  "className": "background-dimmer",
  "mainContentWrapperProps": Object {
    "className": "main-content-wrapper",
    "hAlignContent": "center",
    "onClick": [Function anonymous],
    "onTouchMove": [Function anonymous],
    "onWheel": [Function anonymous],
    "ref": "mainContentWrapper",
    "style": Object {
      "bottom": 0,
      "left": 0,
      "position": "fixed",
      "right": 0,
      "top": 0,
      "zIndex": NaN
    },
    "vAlignContent": "center"
  },
  "overlayProps": Object {
    "style": Object {
      "backgroundColor": undefined,
      "bottom": 0,
      "left": 0,
      "opacity": "undefined",
      "position": "fixed",
      "right": 0,
      "top": 0,
      "zIndex": undefined
    }
  },
  "stopPropagation": [Function anonymous]
}
`;

exports[`BackgroundDimmer renders correctly 1`] = `
"<div stopPropagation={[Function]} className=\"background-dimmer\">
<div style={{...}} />
<FlexView onClick={[Function]} onWheel={[Function]} onTouchMove={[Function]} style={{...}} className=\"main-content-wrapper\" vAlignContent=\"center\" hAlignContent=\"center\">
<FlexView className=\"centered-content-wrapper\" style={{...}} onClick={[Function]} column={true}>
<div className=\"content\">
content
</div>
</FlexView>
</FlexView>
</div>"
`;
