// Jest Snapshot v1, https://goo.gl/fbAQLP

exports[`Badge renders correctly 1`] = `
<div
  className="badge"
  style={
    Object {
      "alignItems": "center",
      "boxSizing": "border-box",
      "display": "flex",
      "flex": "0 1 auto",
      "flexDirection": "row",
      "flexWrap": "nowrap",
      "justifyContent": "center",
      "minHeight": 0,
      "minWidth": 0,
    }
  }
>
  <span
    className="badge-label"
  >
    42
  </span>
</div>
`;
