exports[`Dropdown renders correctly 1`] = `
<div
  className="Select dropdown fancy-class-name is-medium Select--single has-value"
  style={undefined}>
  <div
    className="Select-control"
    onKeyDown={[Function bound handleKeyDown]}
    onMouseDown={[Function bound handleMouseDown]}
    onTouchEnd={[Function bound handleTouchEnd]}
    onTouchMove={[Function bound handleTouchMove]}
    onTouchStart={[Function bound handleTouchStart]}
    style={
      Object {
        "margin": 10,
        "position": "relative"
      }
    }>
    <span
      className="Select-multi-value-wrapper"
      id="react-select-2--value">
      <div
        className="Select-value"
        style={undefined}
        title={undefined}>
        <span
          aria-selected="true"
          className="Select-value-label"
          id="react-select-2--value-item"
          role="option">
          Test
        </span>
      </div>
      <div
        aria-activedescendant="react-select-2--value"
        aria-expanded={false}
        aria-owns="react-select-2--value"
        aria-readonly="false"
        className="Select-input"
        onBlur={[Function bound handleInputBlur]}
        onFocus={[Function bound handleInputFocus]}
        role="combobox"
        style={
          Object {
            "border": 0,
            "display": "inline-block",
            "width": 1
          }
        }
        tabIndex={0} />
    </span>
    <span
      className="Select-arrow-zone"
      onMouseDown={[Function bound handleMouseDownOnArrow]}>
      <span
        className="Select-arrow"
        onMouseDown={[Function bound handleMouseDownOnArrow]} />
    </span>
  </div>
</div>
`;
