// Jest Snapshot v1, https://goo.gl/fbAQLP

exports[`Dropdown renders correctly 1`] = `
<div
  className="css-10nd86i dropdown fancy-class-name is-medium"
  id="12345"
  onKeyDown={[Function]}
>
  <div
    className="css-vj8t7z Select-control"
    onMouseDown={[Function]}
    onTouchEnd={[Function]}
  >
    <div
      className="css-1hwfws3"
    >
      <div
        className="css-xp4uvy Single-value"
      >
        Test
      </div>
      <input
        className="css-14uuagi"
        disabled={false}
        id="react-select-2-input"
        onBlur={[Function]}
        onChange={[Function]}
        onFocus={[Function]}
        readOnly={true}
        tabIndex="0"
        value=""
      />
    </div>
    <div
      className="css-1wy0on6"
    >
      <span
        className="Select-arrow-zone"
      >
        <span
          className="Select-arrow-down"
        />
      </span>
    </div>
  </div>
</div>
`;
