// Jest Snapshot v1, https://goo.gl/fbAQLP

exports[`ActionsMenu renders correctly 1`] = `"<div class=\\"actions-menu\\" style=\\"max-height: -20px;\\"><div class=\\"menu-row\\"><div class=\\"menu-action\\" style=\\"box-sizing: border-box; min-width: 0; min-height: 0; display: flex;\\"><div class=\\"menu-action-title\\" style=\\"box-sizing: border-box; min-width: 0; min-height: 0; display: flex;\\">Preferences</div><div class=\\"menu-action-metadata\\" style=\\"box-sizing: border-box; min-width: 0; min-height: 0; display: flex;\\"></div></div></div><div class=\\"menu-row\\"><div class=\\"menu-action\\" style=\\"box-sizing: border-box; min-width: 0; min-height: 0; display: flex;\\"><div class=\\"menu-action-title\\" style=\\"box-sizing: border-box; min-width: 0; min-height: 0; display: flex;\\">Preferences</div><div class=\\"menu-action-metadata\\" style=\\"box-sizing: border-box; min-width: 0; min-height: 0; display: flex;\\"></div></div></div></div>"`;
