exports[`Menu renders correctly 1`] = `"<div class=\"menu\" style=\"max-height: -20px;\"><div class=\"menu-row\"><div class=\"react-flex-view align-content-center menu-item\"><div class=\"react-flex-view menu-item-title\">Preferences</div><div class=\"react-flex-view justify-content-end menu-item-metadata\"></div></div></div><div class=\"menu-row\"><div class=\"react-flex-view align-content-center menu-item\"><div class=\"react-flex-view menu-item-title\">Preferences</div><div class=\"react-flex-view justify-content-end menu-item-metadata\"></div></div></div></div>"`;
