// Jest Snapshot v1, https://goo.gl/fbAQLP

exports[`ActionsMenu renders correctly 1`] = `"<div class=\\"actions-menu\\" style=\\"max-height: -20px;\\"><div class=\\"menu-row\\"><div class=\\"react-flex-view align-content-center menu-action\\"><div class=\\"react-flex-view menu-action-title\\">Preferences</div><div class=\\"react-flex-view justify-content-end menu-action-metadata\\"></div></div></div><div class=\\"menu-row\\"><div class=\\"react-flex-view align-content-center menu-action\\"><div class=\\"react-flex-view menu-action-title\\">Preferences</div><div class=\\"react-flex-view justify-content-end menu-action-metadata\\"></div></div></div></div>"`;
