// Jest Snapshot v1, https://goo.gl/fbAQLP

exports[`Meter renders correctly 1`] = `
<div
  className="meter fancy-class-name"
  id="12345"
  style={
    Object {
      "alignItems": "center",
      "boxSizing": "border-box",
      "display": "flex",
      "flex": "1 1 auto",
      "flexDirection": "row",
      "flexWrap": "nowrap",
      "height": undefined,
      "justifyContent": undefined,
      "margin": 10,
      "marginBottom": undefined,
      "marginLeft": undefined,
      "marginRight": undefined,
      "marginTop": undefined,
      "minHeight": 0,
      "minWidth": 0,
      "position": "relative",
      "width": undefined,
    }
  }
>
  <div
    className="bar"
    style={
      Object {
        "alignItems": undefined,
        "background": "grey",
        "boxSizing": "border-box",
        "display": "flex",
        "flex": "1 1 auto",
        "flexDirection": "row",
        "flexWrap": "nowrap",
        "height": undefined,
        "justifyContent": undefined,
        "marginBottom": undefined,
        "marginLeft": undefined,
        "marginRight": undefined,
        "marginTop": undefined,
        "minHeight": 0,
        "minWidth": 0,
        "width": undefined,
      }
    }
  >
    <div
      className="filling"
      style={
        Object {
          "alignItems": undefined,
          "background": "green",
          "boxSizing": "border-box",
          "display": "flex",
          "flex": "0 0 25%",
          "flexDirection": "row",
          "flexWrap": "nowrap",
          "height": undefined,
          "justifyContent": undefined,
          "marginBottom": undefined,
          "marginLeft": undefined,
          "marginRight": undefined,
          "marginTop": undefined,
          "minHeight": 0,
          "minWidth": 0,
          "width": undefined,
        }
      }
    />
  </div>
  <div
    className="label"
    style={
      Object {
        "alignItems": undefined,
        "boxSizing": "border-box",
        "color": "red",
        "display": "flex",
        "flex": "0 0 auto",
        "flexDirection": "row",
        "flexWrap": "nowrap",
        "height": undefined,
        "justifyContent": undefined,
        "marginBottom": undefined,
        "marginLeft": undefined,
        "marginRight": undefined,
        "marginTop": undefined,
        "minHeight": 0,
        "minWidth": 0,
        "width": undefined,
      }
    }
  >
    test
  </div>
</div>
`;
