// Jest Snapshot v1, https://goo.gl/fbAQLP

exports[`StatefulButton renders correctly 1`] = `"<div class=\\"button\\" style=\\"display:inline-block\\"><div class=\\"react-flex-view align-content-center justify-content-center button-inner is-default is-medium is-ready\\" style=\\"-webkit-box-flex:0 1 auto;-moz-box-flex:0 1 auto;-ms-flex:0 1 auto;-webkit-flex:0 1 auto;flex:0 1 auto\\"><div class=\\"react-flex-view flex-column justify-content-center align-content-center button-label\\" style=\\"-webkit-box-flex:0 0 auto;-moz-box-flex:0 0 auto;-ms-flex:0 0 auto;-webkit-flex:0 0 auto;flex:0 0 auto\\"><div style=\\"width:100%\\"><div><span style=\\"display:block;white-space:nowrap;width:100%;overflow:hidden;-o-text-overflow:ellipsis;text-overflow:ellipsis\\">BeautifulButton</span><span style=\\"position:fixed;visibility:hidden;pointer-events:none;top:0;left:0\\">BeautifulButton</span></div></div></div></div></div>"`;
